=== check 1/13: boot-chain trust
trust: OK   .freebuff/ref/limine/limine-binary/BOOTX64.EFI
trust: OK   .freebuff/ref/limine/limine-binary/limine-bios.sys
trust: OK   .freebuff/ref/limine/limine-binary/limine-bios-cd.bin
trust: OK   .freebuff/ref/limine/limine-binary/limine.c
trust: OK   .freebuff/ref/limine/limine-binary/limine-bios-hdd.h
trust: OK   .freebuff/ref/limine/limine-binary/limine-tool-windows-x86/limine.exe
trust: OK   .freebuff/ref/font8x8_basic.h
trust: all pins verified

=== check 2/13: kernel build (SAC-retry wrapper, see docs/sac-build-blocks.md)
   Compiling nucleus v0.1.0 (C:\Users\surya\Documents\dont-share-personal-info\kernel)
    Finished `release` profile [optimized + debuginfo] target(s) in 4.78s

=== check 3/13: disk images
fetch-limine: using vendored Limine (/c/Users/surya/Documents/dont-share-personal-info/.freebuff/ref/limine/limine-binary)
fetch-limine: LIMINE_BIN_DIR=/c/Users/surya/Documents/dont-share-personal-info/.freebuff/ref/limine/limine-binary
build-disk: python launcher: py -3
build-disk: bootchain kernel blake2b-512: 9451a79acdc0ed56ad769cad9587e9f787cc463ca08f0b16eea75b01d360a19e54f62a3afdd132570c582696b135d5e60e1cef2e9a99f4fb7a10331b486b5b08
build-disk: kernel path hash embedded via /c/Users/surya/Documents/dont-share-personal-info/build/limine.conf.nova.hdd
make-esp: wrote C:\Users\surya\Documents\dont-share-personal-info\build\nova.hdd (41943040 bytes; FAT16 19912 clusters; kernel=188664B bootx64=376832B bios_sys=330888B conf=limine.conf.nova.hdd)
Physical block size of 512 bytes.
Installing to GPT. Logical block size of 512 bytes.
Autodetected partition 2 as BIOS boot partition.
Installing BIOS boot code to partition 2.
Stage 2 to be located at byte offset 0x4400.
Reminder: Remember to copy the limine-bios.sys file in either
          the root, /boot, /limine, or /boot/limine directories of
          one of the partitions on the device, or boot will fail!
Limine BIOS stages installed successfully.
build-disk: BIOS stages installed with /c/Users/surya/Documents/dont-share-personal-info/.freebuff/ref/limine/limine-binary/limine-tool-windows-x86/limine.exe
build-disk: wrote /c/Users/surya/Documents/dont-share-personal-info/build/nova.hdd (41943040 bytes)
build-disk: bootchain hashes (for manifest when signing release):
  Limine:  f24efeecf6cfd3e11dd47a8263fece74509ec91f83b7f1d166b8ca30892d629f (376832 bytes)
  kernel:  99bb98bd2ae1b379b0828f258a1e88757ecb2f6f5e7bef17ed5c483097d6040d (188664 bytes)
build-disk: when ready to sign, pass these to create-manifest.py:
  --limine-hash 'f24efeecf6cfd3e11dd47a8263fece74509ec91f83b7f1d166b8ca30892d629f' --limine-size 376832
  --kernel-hash '99bb98bd2ae1b379b0828f258a1e88757ecb2f6f5e7bef17ed5c483097d6040d' --kernel-size 188664
Physical block size of 512 bytes.
Installing to GPT. Logical block size of 512 bytes.
Autodetected partition 2 as BIOS boot partition.
Installing BIOS boot code to partition 2.
Stage 2 to be located at byte offset 0x4400.
Reminder: Remember to copy the limine-bios.sys file in either
          the root, /boot, /limine, or /boot/limine directories of
          one of the partitions on the device, or boot will fail!
Limine BIOS stages installed successfully.

=== check 4/13: host tests
font: 95 glyphs (U+0020..U+007E) match reference byte-for-byte
test_full_release_flow (__main__.CommandLine.test_full_release_flow) ... FAIL
test_every_signature_bit_flip_is_rejected (__main__.Ed25519AgainstOpenSSL.test_every_signature_bit_flip_is_rejected) ... ok
test_fixture_is_populated (__main__.Ed25519AgainstOpenSSL.test_fixture_is_populated) ... ok
test_non_ed25519_pem_is_refused (__main__.Ed25519AgainstOpenSSL.test_non_ed25519_pem_is_refused) ... ok
test_openssl_signatures_verify (__main__.Ed25519AgainstOpenSSL.test_openssl_signatures_verify) ... ok
test_pem_matches_openssl (__main__.Ed25519AgainstOpenSSL.test_pem_matches_openssl) ... ok
test_public_keys_match_openssl (__main__.Ed25519AgainstOpenSSL.test_public_keys_match_openssl) ... ok
test_signatures_match_openssl_byte_for_byte (__main__.Ed25519AgainstOpenSSL.test_signatures_match_openssl_byte_for_byte) ... ok
test_tampered_cases_get_the_openssl_verdict (__main__.Ed25519AgainstOpenSSL.test_tampered_cases_get_the_openssl_verdict) ... ok
test_key_order_in_the_file_does_not_matter (__main__.ManifestAgainstOpenSSL.test_key_order_in_the_file_does_not_matter) ... FAIL
test_openssl_signed_manifest_verifies (__main__.ManifestAgainstOpenSSL.test_openssl_signed_manifest_verifies) ... FAIL
test_signing_input_matches_the_spec (__main__.ManifestAgainstOpenSSL.test_signing_input_matches_the_spec) ... ok
test_altered_package_files_are_caught (__main__.ManifestRules.test_altered_package_files_are_caught) ... ERROR
test_every_signature_bit_flip_is_rejected (__main__.ManifestRules.test_every_signature_bit_flip_is_rejected) ... ERROR
test_every_single_field_change_is_rejected (__main__.ManifestRules.test_every_single_field_change_is_rejected) ... ERROR
test_other_key_is_rejected_both_ways (__main__.ManifestRules.test_other_key_is_rejected_both_ways) ... ERROR
test_replay_and_rollback_are_refused (__main__.ManifestRules.test_replay_and_rollback_are_refused) ... ERROR
test_signer_refuses_a_manifest_declared_for_another_key (__main__.ManifestRules.test_signer_refuses_a_manifest_declared_for_another_key) ... ERROR
test_signer_refuses_malformed_manifests (__main__.ManifestRules.test_signer_refuses_malformed_manifests) ... ERROR
test_state_file (__main__.ManifestRules.test_state_file) ... ERROR
test_strict_json (__main__.ManifestRules.test_strict_json) ... ERROR
test_text_round_trip_passes (__main__.ManifestRules.test_text_round_trip_passes) ... ERROR
test_unsigned_or_garbled_signature_is_rejected (__main__.ManifestRules.test_unsigned_or_garbled_signature_is_rejected) ... ERROR
test_valid_manifest_passes (__main__.ManifestRules.test_valid_manifest_passes) ... ERROR

======================================================================
ERROR: test_altered_package_files_are_caught (__main__.ManifestRules.test_altered_package_files_are_caught)
----------------------------------------------------------------------
Traceback (most recent call last):
  File "C:\Users\surya\Documents\dont-share-personal-info\tests\test_trust.py", line 176, in setUp
    self.signed = nt.sign_manifest(self.unsigned, SEED)
                  ~~~~~~~~~~~~~~~~^^^^^^^^^^^^^^^^^^^^^
  File "C:\Users\surya\Documents\dont-share-personal-info\tools\nova_trust.py", line 434, in sign_manifest
    raise ManifestError("refusing to sign a malformed manifest:\n  " + "\n  ".join(errs))
nova_trust.ManifestError: refusing to sign a malformed manifest:
  manifest: missing field 'bootchain'

======================================================================
ERROR: test_every_signature_bit_flip_is_rejected (__main__.ManifestRules.test_every_signature_bit_flip_is_rejected)
----------------------------------------------------------------------
Traceback (most recent call last):
  File "C:\Users\surya\Documents\dont-share-personal-info\tests\test_trust.py", line 176, in setUp
    self.signed = nt.sign_manifest(self.unsigned, SEED)
                  ~~~~~~~~~~~~~~~~^^^^^^^^^^^^^^^^^^^^^
  File "C:\Users\surya\Documents\dont-share-personal-info\tools\nova_trust.py", line 434, in sign_manifest
    raise ManifestError("refusing to sign a malformed manifest:\n  " + "\n  ".join(errs))
nova_trust.ManifestError: refusing to sign a malformed manifest:
  manifest: missing field 'bootchain'

======================================================================
ERROR: test_every_single_field_change_is_rejected (__main__.ManifestRules.test_every_single_field_change_is_rejected)
----------------------------------------------------------------------
Traceback (most recent call last):
  File "C:\Users\surya\Documents\dont-share-personal-info\tests\test_trust.py", line 176, in setUp
    self.signed = nt.sign_manifest(self.unsigned, SEED)
                  ~~~~~~~~~~~~~~~~^^^^^^^^^^^^^^^^^^^^^
  File "C:\Users\surya\Documents\dont-share-personal-info\tools\nova_trust.py", line 434, in sign_manifest
    raise ManifestError("refusing to sign a malformed manifest:\n  " + "\n  ".join(errs))
nova_trust.ManifestError: refusing to sign a malformed manifest:
  manifest: missing field 'bootchain'

======================================================================
ERROR: test_other_key_is_rejected_both_ways (__main__.ManifestRules.test_other_key_is_rejected_both_ways)
----------------------------------------------------------------------
Traceback (most recent call last):
  File "C:\Users\surya\Documents\dont-share-personal-info\tests\test_trust.py", line 176, in setUp
    self.signed = nt.sign_manifest(self.unsigned, SEED)
                  ~~~~~~~~~~~~~~~~^^^^^^^^^^^^^^^^^^^^^
  File "C:\Users\surya\Documents\dont-share-personal-info\tools\nova_trust.py", line 434, in sign_manifest
    raise ManifestError("refusing to sign a malformed manifest:\n  " + "\n  ".join(errs))
nova_trust.ManifestError: refusing to sign a malformed manifest:
  manifest: missing field 'bootchain'

======================================================================
ERROR: test_replay_and_rollback_are_refused (__main__.ManifestRules.test_replay_and_rollback_are_refused)
----------------------------------------------------------------------
Traceback (most recent call last):
  File "C:\Users\surya\Documents\dont-share-personal-info\tests\test_trust.py", line 176, in setUp
    self.signed = nt.sign_manifest(self.unsigned, SEED)
                  ~~~~~~~~~~~~~~~~^^^^^^^^^^^^^^^^^^^^^
  File "C:\Users\surya\Documents\dont-share-personal-info\tools\nova_trust.py", line 434, in sign_manifest
    raise ManifestError("refusing to sign a malformed manifest:\n  " + "\n  ".join(errs))
nova_trust.ManifestError: refusing to sign a malformed manifest:
  manifest: missing field 'bootchain'

======================================================================
ERROR: test_signer_refuses_a_manifest_declared_for_another_key (__main__.ManifestRules.test_signer_refuses_a_manifest_declared_for_another_key)
----------------------------------------------------------------------
Traceback (most recent call last):
  File "C:\Users\surya\Documents\dont-share-personal-info\tests\test_trust.py", line 176, in setUp
    self.signed = nt.sign_manifest(self.unsigned, SEED)
                  ~~~~~~~~~~~~~~~~^^^^^^^^^^^^^^^^^^^^^
  File "C:\Users\surya\Documents\dont-share-personal-info\tools\nova_trust.py", line 434, in sign_manifest
    raise ManifestError("refusing to sign a malformed manifest:\n  " + "\n  ".join(errs))
nova_trust.ManifestError: refusing to sign a malformed manifest:
  manifest: missing field 'bootchain'

======================================================================
ERROR: test_signer_refuses_malformed_manifests (__main__.ManifestRules.test_signer_refuses_malformed_manifests)
----------------------------------------------------------------------
Traceback (most recent call last):
  File "C:\Users\surya\Documents\dont-share-personal-info\tests\test_trust.py", line 176, in setUp
    self.signed = nt.sign_manifest(self.unsigned, SEED)
                  ~~~~~~~~~~~~~~~~^^^^^^^^^^^^^^^^^^^^^
  File "C:\Users\surya\Documents\dont-share-personal-info\tools\nova_trust.py", line 434, in sign_manifest
    raise ManifestError("refusing to sign a malformed manifest:\n  " + "\n  ".join(errs))
nova_trust.ManifestError: refusing to sign a malformed manifest:
  manifest: missing field 'bootchain'

======================================================================
ERROR: test_state_file (__main__.ManifestRules.test_state_file)
----------------------------------------------------------------------
Traceback (most recent call last):
  File "C:\Users\surya\Documents\dont-share-personal-info\tests\test_trust.py", line 176, in setUp
    self.signed = nt.sign_manifest(self.unsigned, SEED)
                  ~~~~~~~~~~~~~~~~^^^^^^^^^^^^^^^^^^^^^
  File "C:\Users\surya\Documents\dont-share-personal-info\tools\nova_trust.py", line 434, in sign_manifest
    raise ManifestError("refusing to sign a malformed manifest:\n  " + "\n  ".join(errs))
nova_trust.ManifestError: refusing to sign a malformed manifest:
  manifest: missing field 'bootchain'

======================================================================
ERROR: test_strict_json (__main__.ManifestRules.test_strict_json)
----------------------------------------------------------------------
Traceback (most recent call last):
  File "C:\Users\surya\Documents\dont-share-personal-info\tests\test_trust.py", line 176, in setUp
    self.signed = nt.sign_manifest(self.unsigned, SEED)
                  ~~~~~~~~~~~~~~~~^^^^^^^^^^^^^^^^^^^^^
  File "C:\Users\surya\Documents\dont-share-personal-info\tools\nova_trust.py", line 434, in sign_manifest
    raise ManifestError("refusing to sign a malformed manifest:\n  " + "\n  ".join(errs))
nova_trust.ManifestError: refusing to sign a malformed manifest:
  manifest: missing field 'bootchain'

======================================================================
ERROR: test_text_round_trip_passes (__main__.ManifestRules.test_text_round_trip_passes)
----------------------------------------------------------------------
Traceback (most recent call last):
  File "C:\Users\surya\Documents\dont-share-personal-info\tests\test_trust.py", line 176, in setUp
    self.signed = nt.sign_manifest(self.unsigned, SEED)
                  ~~~~~~~~~~~~~~~~^^^^^^^^^^^^^^^^^^^^^
  File "C:\Users\surya\Documents\dont-share-personal-info\tools\nova_trust.py", line 434, in sign_manifest
    raise ManifestError("refusing to sign a malformed manifest:\n  " + "\n  ".join(errs))
nova_trust.ManifestError: refusing to sign a malformed manifest:
  manifest: missing field 'bootchain'

======================================================================
ERROR: test_unsigned_or_garbled_signature_is_rejected (__main__.ManifestRules.test_unsigned_or_garbled_signature_is_rejected)
----------------------------------------------------------------------
Traceback (most recent call last):
  File "C:\Users\surya\Documents\dont-share-personal-info\tests\test_trust.py", line 176, in setUp
    self.signed = nt.sign_manifest(self.unsigned, SEED)
                  ~~~~~~~~~~~~~~~~^^^^^^^^^^^^^^^^^^^^^
  File "C:\Users\surya\Documents\dont-share-personal-info\tools\nova_trust.py", line 434, in sign_manifest
    raise ManifestError("refusing to sign a malformed manifest:\n  " + "\n  ".join(errs))
nova_trust.ManifestError: refusing to sign a malformed manifest:
  manifest: missing field 'bootchain'

======================================================================
ERROR: test_valid_manifest_passes (__main__.ManifestRules.test_valid_manifest_passes)
----------------------------------------------------------------------
Traceback (most recent call last):
  File "C:\Users\surya\Documents\dont-share-personal-info\tests\test_trust.py", line 176, in setUp
    self.signed = nt.sign_manifest(self.unsigned, SEED)
                  ~~~~~~~~~~~~~~~~^^^^^^^^^^^^^^^^^^^^^
  File "C:\Users\surya\Documents\dont-share-personal-info\tools\nova_trust.py", line 434, in sign_manifest
    raise ManifestError("refusing to sign a malformed manifest:\n  " + "\n  ".join(errs))
nova_trust.ManifestError: refusing to sign a malformed manifest:
  manifest: missing field 'bootchain'

======================================================================
FAIL: test_full_release_flow (__main__.CommandLine.test_full_release_flow)
----------------------------------------------------------------------
Traceback (most recent call last):
  File "C:\Users\surya\Documents\dont-share-personal-info\tests\test_trust.py", line 321, in test_full_release_flow
    self.assertEqual(rc, 0, out)
    ~~~~~~~~~~~~~~~~^^^^^^^^^^^^
AssertionError: 1 != 0 : create-manifest: FAIL manifest: missing field 'bootchain'


======================================================================
FAIL: test_key_order_in_the_file_does_not_matter (__main__.ManifestAgainstOpenSSL.test_key_order_in_the_file_does_not_matter)
----------------------------------------------------------------------
Traceback (most recent call last):
  File "C:\Users\surya\Documents\dont-share-personal-info\tests\test_trust.py", line 114, in test_key_order_in_the_file_does_not_matter
    self.assertEqual(nt.verify_manifest(m, bytes.fromhex(FIX["manifest"]["public"])), [])
    ~~~~~~~~~~~~~~~~^^^^^^^^^^^^^^^^^^^^^^^^^^^^^^^^^^^^^^^^^^^^^^^^^^^^^^^^^^^^^^^^^^^^^
AssertionError: Lists differ: ["manifest: missing field 'bootchain'"] != []

First list contains 1 additional elements.
First extra element 0:
"manifest: missing field 'bootchain'"

- ["manifest: missing field 'bootchain'"]
+ []

======================================================================
FAIL: test_openssl_signed_manifest_verifies (__main__.ManifestAgainstOpenSSL.test_openssl_signed_manifest_verifies)
----------------------------------------------------------------------
Traceback (most recent call last):
  File "C:\Users\surya\Documents\dont-share-personal-info\tests\test_trust.py", line 103, in test_openssl_signed_manifest_verifies
    self.assertEqual(nt.verify_manifest(m, bytes.fromhex(FIX["manifest"]["public"])), [])
    ~~~~~~~~~~~~~~~~^^^^^^^^^^^^^^^^^^^^^^^^^^^^^^^^^^^^^^^^^^^^^^^^^^^^^^^^^^^^^^^^^^^^^
AssertionError: Lists differ: ["manifest: missing field 'bootchain'"] != []

First list contains 1 additional elements.
First extra element 0:
"manifest: missing field 'bootchain'"

- ["manifest: missing field 'bootchain'"]
+ []

----------------------------------------------------------------------
Ran 24 tests in 3.660s

FAILED (failures=3, errors=12)

=== check 5/13: structural verification (regular image)
verify-disk: C:\Users\surya\Documents\dont-share-personal-info\build\nova.hdd (41943040 bytes)
  ok   image size == 41943040
  ok   protective MBR: boot signature 0x55AA
  ok   protective MBR: partition type 0xEE
  ok   MBR stage-1 boot code present (bios-install ran)
  ok   primary GPT: signature 'EFI PART' [§5.3.2]
  ok   primary GPT: revision 1.0 [§5.3.2]
  ok   primary GPT: header size == 92 [§5.3.2]
  ok   primary GPT: header CRC32 valid [§5.3.2]
  ok   primary GPT: MyLBA (1) == the LBA it lives at (1) [§5.3.2]
  ok   backup GPT: signature 'EFI PART' [§5.3.2]
  ok   backup GPT: revision 1.0 [§5.3.2]
  ok   backup GPT: header size == 92 [§5.3.2]
  ok   backup GPT: header CRC32 valid [§5.3.2]
  ok   backup GPT: MyLBA (81919) == the LBA it lives at (81919) [§5.3.2]
  ok   headers point at each other: primary AlternateLBA == last LBA, backup == 1 [§5.3.2]
  ok   disk GUID identical in both headers [§5.3.2]
  ok   FirstUsableLBA (34) >= 34 [§5.3.1]
  ok   FirstUsableLBA (34) <= LastUsableLBA (81886) [§5.3.2]
  ok   NumberOfPartitionEntries (128) >= 128 [§5.3.1: min 16,384 B array]
  ok   SizeOfPartitionEntry (128) >= 128 and a multiple of 8 [§5.3.2, §5.3.3]
  ok   primary entry array (LBA 2..33) between primary header and FirstUsableLBA (34) [§5.3.1]
  ok   backup entry array LBA (81887) > LastUsableLBA (81886) [UEFI 2.10 §5.3.1: array after the Last Usable LBA]  ** W2-mandated check **
  ok   backup entry array ends (LBA 81918) before the backup header (LBA 81919) [§5.3.1]
  ok   primary: entry array CRC32 valid [§5.3.2]
  ok   backup: entry array CRC32 valid [§5.3.2]
  ok   primary and backup partition entries identical [§5.3.1: backup is a copy]
  ok   partition 0: LBA 2048..81886 within usable 34..81886, start <= end [§5.3.2/§5.3.3]
  ok   partition 1: LBA 34..2047 within usable 34..81886, start <= end [§5.3.2/§5.3.3]
  ok   at least one declared partition
  ok   exactly 2 declared partitions (found 2) [layout]
  ok   declared partitions are disjoint (ESP 2048..81886, BIOS-boot 34..2047) [§5.3.3: partitions do not overlap]
  ok   ESP spans LBA 2048..81886 [layout]
  ok   BIOS-boot partition spans LBA 34..2047 [layout]
  ok   FAT16 bytes/sector == 512 [layout]
  ok   FAT16 has two FAT copies [layout]
  ok   FAT copies identical
  ok   FAT16 boot signature 0x55AA at ESP sector end [FAT spec §3.1]
  ok   root contains /EFI
  ok   root contains /NUCLEUS
  ok   root contains /LIMINE
  ok   root contains /LIMINE.CONF
  ok   root: /NUCLEUS byte-exact (188664 bytes)
  ok   root (BIOS config path): /LIMINE.CONF byte-exact (1017 bytes)
  ok   /limine/ contains limine-bios.sys
  ok   /limine/: /LIMINE-BIOS.SYS byte-exact (330888 bytes)
  ok   /EFI contains BOOT
  ok   /EFI/BOOT: /BOOTX64.EFI byte-exact (376832 bytes)
  ok   /EFI/BOOT: /BOOTIA32.EFI byte-exact (397312 bytes)
  ok   /EFI/BOOT: /LIMINE.CONF byte-exact (1017 bytes)
  ok   BIOS boot stages present in the BIOS-boot partition (bios-install ran)
  ok   bootchain: /NUCLEUS path digest == blake2b-512(build-input kernel) [Limine CONFIG.md lines 435-437]
  ok   bootchain: path digest is exactly 128 hex chars [Limine uri.c lines 78-88 panic otherwise]

verify-disk: all checks passed

=== check 6/13: fuzz the verifier (10000 mutations)
fuzz-disk: image C:\Users\surya\Documents\dont-share-personal-info\build\nova.hdd (41943040 bytes), 10000 iterations, seed 0x4e4f5641
fuzz-disk: coverage map: 20 ranges — 1408567 B exact-checked, 1031608 B presence-only, 39502865 B no-invariant
fuzz-disk: baseline: unmutated image verifies with 0 failures
fuzz-disk: map-sanity: 54/54 targeted single-byte mutations inside exact ranges were detected
fuzz-disk: detected:    335/10000 mutations reported as failures (2.5 ms/verify)
fuzz-disk: false pass:  9665/10000 reported success, classified:
fuzz-disk:      exact: 0  <- must be 0; >0 is a verifier defect
fuzz-disk:   presence: 245  <- by design: only non-zeroness is asserted there  [e.g. byte 830024: 0x00->0x01]
fuzz-disk:       none: 9420  <- free space/unused FAT slots: no invariant to violate  [e.g. byte 22665642: 0x00->0x08]
fuzz-disk: crashes:     0
fuzz-disk: PASS

=== check 7/13: external oracles (sgdisk / fsck.fat / mdir)
oracle-disk: external oracles against C:\Users\surya\Documents\dont-share-personal-info\build\nova.hdd
  SKIP  sgdisk not found — GPT oracle NOT run (never silently passed)
  SKIP  fsck.fat not found — FAT oracle NOT run (never silently passed)
  SKIP  mdir not found — directory oracle NOT run (never silently passed)

oracle-disk: 0 failed, 3 SKIPPED (tools absent): ['sgdisk not found (install: apt-get install gdisk)', 'fsck.fat not found (install: apt-get install dosfstools)', 'mdir not found (install: apt-get install mtools)']
oracle-disk: skips are NOT passes — install the tools for full coverage

=== check 8/13: QEMU boot tests (SeaBIOS + OVMF)
--- SeaBIOS/hdd: exit=124 serial tail:
      memmap:    base=0x00000000fffc0000 len=0x40000 reserved
      memmap:    base=0x000000fd00000000 len=0x300000000 reserved
    NOVA_BOOT_OK
    keyboard:    PS/2 poller ready
    NOVA Nucleus K3 console. Type `help`.
    nova> PASS (SeaBIOS/hdd)
--- OVMF/hdd: exit=124 serial tail:
      memmap:    base=0x00000000fffc0000 len=0x40000 reserved
      memmap:    base=0x000000fd00000000 len=0x300000000 reserved
    NOVA_BOOT_OK
    keyboard:    PS/2 poller ready
    NOVA Nucleus K3 console. Type `help`.
    nova> PASS (OVMF/hdd)
--- SeaBIOS/selftest: exit=33 serial tail:
      memmap:    base=0x00000000fffc0000 len=0x40000 reserved
      memmap:    base=0x000000fd00000000 len=0x300000000 reserved
    NOVA_BOOT_OK
    keyboard:    PS/2 poller ready
    NOVA Nucleus K3 console. Type `help`.
    nova> NOVA_SELFTEST_OK
PASS (SeaBIOS/selftest)
--- OVMF/selftest: exit=33 serial tail:
      memmap:    base=0x00000000fffc0000 len=0x40000 reserved
      memmap:    base=0x000000fd00000000 len=0x300000000 reserved
    NOVA_BOOT_OK
    keyboard:    PS/2 poller ready
    NOVA Nucleus K3 console. Type `help`.
    nova> NOVA_SELFTEST_OK
PASS (OVMF/selftest)

=== check 9/13: FAT32 external oracles (fsck.fat / mdir on the corpus)
fat32 corpus determinism: byte-identical to regeneration
SKIP: fsck.fat not installed (install: apt-get install dosfstools)
SKIP: mdir not installed (install: apt-get install mtools) - the
      local mdir-vs-kernel diff cannot run here; CI covers it

=== check 10/13: CMOS RTC bracket oracle (guest clock vs host UTC)
host UTC before : 1790679757
host UTC after  : 1790679761   (accepted bracket: 1790679637 .. 1790679881)
guest RTC epoch : 1790679760   (render_len=19)
guest - before  : +3 s
RTC bracket oracle: IN BRACKET - guest clock agrees with host UTC

=== check 11/13: kernel capability oracle (K4: vocabulary + denial probes)
--- cap oracle A: the vocabulary is declarable in a signed C2 manifest
gen-cap-manifest: vocabulary from kernel\src\cap.rs (7 grantable):
  0: device:camera
  1: device:microphone
  2: device:audio
  3: fs:read <- subject grant
  4: fs:write
  5: compute:expression
  6: compute:verify
gen-cap-manifest: signed manifest for subject caps ['fs:read'] -> C:\Users\surya\Documents\dont-share-personal-info\build\cap-oracle\manifest.json
verify-manifest: C:\Users\surya\Documents\dont-share-personal-info\build\cap-oracle\manifest.json against key sha256:cf9d7c988c8e5d4e6f68a24a7a1cdfbaa192e77ad079e00f96d0a9228be521ff
  ok   signature valid; release 0.1.0, release_sequence 1
  ok   structure valid; newer than last accepted 0
  ok   1 package file(s) match size and sha256
verify-manifest: PASS
--- cap oracle A-negative: wildcards and out-of-grammar rows are refused
  ok    refused unsigned: 'device:camera:*'
  ok    refused unsigned: 'device:*'
  ok    refused unsigned: '*:*'
  ok    refused unsigned: '*'
  ok    refused unsigned: 'fs:read:extra'
  ok    refused unsigned: 'Camera'
  ok    refused unsigned: 'device:Camera'
  ok    refused unsigned: 'not-a-capability'
  ok    refused unsigned: ''
  ok    grammar-valid unknown row verifies end-to-end (vocabulary enforcement lives in the kernel)
  ok    tampered signature rejected end-to-end (rc=1)
--- cap oracle B+C: boot the selftest image and recompute every probe
  ok    80 probe lines recomputed by the host oracle, all agree
  ok    done-when evidence: fs:read-only subject denied device:camera
cap oracle: PASS (all layers)

=== check 12/13: interactive shell oracle (sendkey-driven, prompt-echo waits)
note: verb 'reboot' not typed (would end the session)
note: verb 'halt' not typed (would end the session)
note: verb 'novatest' not typed (would end the session)
dispatch arms in src/shell.rs: help,time,clear,ver,mem,reboot,halt,novatest
verbs to type: help time,clear,ver,mem (plus control zz)
typed verbs: help time clear ver mem (then control zz)
host UTC before : 1790679771
host UTC after  : 1790679795
  ok    `help` reply starts with `commands: `
  ok    help lists `time`
  ok    help lists `clear`
  ok    help lists `ver`
  ok    help lists `mem`
  ok    `clear` is recognized (no `unknown command:` reply)
  ok    `ver` reply names the nucleus version
  ok    `mem` reply counts memory-map entries
guest utc       : 2026-09-29T11:02:59  (epoch 1790679779)
accepted bracket: 1790679651 .. 1790679915
  ok    guest clock sits in the host-UTC bracket (+/-120s)
  ok    control `zz` got `unknown command: zz` (keystrokes round-trip)
console transcript (serial, from the banner):
NOVA/Nucleus K3 boot report
==========================
kernel:      nucleus 0.1.0 (release)
arch:        x86-64, Limine boot protocol base revision 3
base rev:    accepted by bootloader
loaded at:   phys=0x1fec5000 virt=0xffffffff80000000
cmdline:     fatcorpus=/fat32-corpus.img
memory:      19 entries, usable 516172 KiB / 13372361 KiB
gdt:         tss desc: base=0xffffffff80028000 limit=0x67 attr=0x89
gdt:         kernel GDT + TSS loaded (IST1=#DF, IST2=#MC, IST3=#PF)
idt:         all 32 exception gates armed
pmm:         129043 frames (516172 KiB) chained on the free list
paging:      own PML4 at phys 0x1ff85000; 2 Limine PML4 entries inherited; kernel-managed area in PML4 slot 510
paging:      CR3 switched to the kernel PML4 (0x1ff85000)
heap:        32 MiB window at 0xffffff0000000000 (2 MiB committed)
guard:      boot stack: floor probe reached va 0xffff80001f800000 (512 contiguously mapped pages below the rsp window); guard page 0xffff80001f9ff000 is now not-present
framebuffer: 1024x768 @ 32bpp, pitch=4096, model=RGB
font:        embedded 8x8 atlas structurally valid (95 glyphs)
  memmap:    base=0x0000000000001000 len=0x72000 bootloader-reclaimable
  memmap:    base=0x0000000000073000 len=0x2c000 usable
  memmap:    base=0x000000000009fc00 len=0x400 reserved
  memmap:    base=0x00000000000f0000 len=0x10000 reserved
  memmap:    base=0x0000000000100000 len=0x1f7ba000 usable
  memmap:    base=0x000000001f8ba000 len=0x400000 bootloader-reclaimable
  memmap:    base=0x000000001fcba000 len=0x200000 executable+modules
  memmap:    base=0x000000001feba000 len=0x3000 usable
  memmap:    base=0x000000001febd000 len=0x8000 bootloader-reclaimable
  memmap:    base=0x000000001fec5000 len=0x64000 executable+modules
  memmap:    base=0x000000001ff29000 len=0x33000 bootloader-reclaimable
  memmap:    base=0x000000001ff5c000 len=0x2a000 usable
  memmap:    base=0x000000001ff86000 len=0x59000 bootloader-reclaimable
  memmap:    base=0x000000001ffdf000 len=0x21000 reserved
  memmap:    base=0x00000000b0000000 len=0x10000000 reserved
  memmap:    base=0x00000000fd000000 len=0x300000 framebuffer
  memmap:    base=0x00000000fed1c000 len=0x4000 reserved
  memmap:    base=0x00000000fffc0000 len=0x40000 reserved
  memmap:    base=0x000000fd00000000 len=0x300000000 reserved
NOVA_BOOT_OK
keyboard:    PS/2 poller ready
NOVA Nucleus K3 console. Type `help`.
nova> help
commands: help clear mem time ver reboot halt
  mem     physical memory map summary
  time    wall clock from the CMOS RTC (UTC)
  novatest also accepted under CI
nova> time
utc: 2026-09-29T11:02:59
nova> clear
nova> ver
nucleus 0.1.0 (K3a) x86-64, Limine boot protocol rev 3
nova> mem
entries: 19
usable:  516172 KiB
total:   13372361 KiB
nova> zz
unknown command: zz (try help)
nova> 
  ok    QEMU exited on monitor `quit` (rc=0)
shell driver: PASS
interactive shell oracle: PASS (serial log: /c/Users/surya/Documents/dont-share-personal-info/build/shell-drive-serial.log)

=== check 13/13: ELF64 loader oracle (K4b: fixture determinism + spec oracle + guest gate)
--- elf oracle A: committed fixtures are byte-identical to the generator
  ok    11 fixture files byte-identical to generator output
--- elf oracle B: spec oracle accepts the positive, rejects every negative
  ok    oracle: positive fixture accepted (VERDICT valid)
  ok    oracle: all 10 negative fixtures rejected (VERDICT invalid)
--- elf oracle B2: live oracle digest equals the gate's committed constant
  ok    digest cross-check 7feb498a250f5c0c... equals the gate constant
--- elf oracle C: boot the selftest image and re-derive the probe lines
  ok    elf gate: 27 passed, 0 failed (as printed by the gate)
  ok    layout probe: bases 0xffffff0008000000/0xffffff0008200000 differ by SEGMENT_SLOT, deltas 0x100/0x108, entry 0x400100
  ok    guest digest equals host oracle digest (7feb498a250f5c0c...)
elf oracle: PASS

check: FAILURES (see above)
