[2J[H
[2;27H[38;2;0;170;170mLimine 12.9.0 (x86-64, BIOS)[0m



[12;1H                                [7m NOVA (Nucleus) [27m
[4;22H[38;2;0;170;0mARROWS[0m Select    [38;2;0;170;0mENTER[0m Boot    [38;2;0;170;0mE[0m Edit[6;34H[38;2;0;170;0mB[0m Blank Entry[13;1H

[23;26H[2K[38;2;0;170;0mBooting automatically in [38;2;85;255;85m3[38;2;0;170;0m...[0m[23;26H[2K[38;2;0;170;0mBooting automatically in [38;2;85;255;85m2[38;2;0;170;0m...[0m[23;26H[2K[38;2;0;170;0mBooting automatically in [38;2;85;255;85m1[38;2;0;170;0m...[0m[2J[Hlimine: Loading executable `boot(1):/NUCLEUS`...

NOVA/Nucleus K2 boot report
==========================
kernel:      nucleus 0.1.0 (release)
arch:        x86-64, Limine boot protocol base revision 3
base rev:    accepted by bootloader
loaded at:   phys=0x1ff3a000 virt=0xffffffff80000000
cmdline:     
memory:      16 entries, usable 518700 KiB / 13372361 KiB
idt:         exception gates armed
framebuffer: 1024x768 @ 32bpp, pitch=4096, model=RGB
font:        embedded 8x8 atlas structurally valid (95 glyphs)
  memmap:    base=0x0000000000001000 len=0x72000 bootloader-reclaimable
  memmap:    base=0x0000000000073000 len=0x2c000 usable
  memmap:    base=0x000000000009fc00 len=0x400 reserved
  memmap:    base=0x00000000000f0000 len=0x10000 reserved
  memmap:    base=0x0000000000100000 len=0x1fa35000 usable
  memmap:    base=0x000000001fb35000 len=0x405000 bootloader-reclaimable
  memmap:    base=0x000000001ff3a000 len=0x13000 executable+modules
  memmap:    base=0x000000001ff4d000 len=0xd000 bootloader-reclaimable
  memmap:    base=0x000000001ff5a000 len=0x2a000 usable
  memmap:    base=0x000000001ff84000 len=0x58000 bootloader-reclaimable
  memmap:    base=0x000000001ffdc000 len=0x24000 reserved
  memmap:    base=0x00000000b0000000 len=0x10000000 reserved
  memmap:    base=0x00000000fd000000 len=0x300000 framebuffer
  memmap:    base=0x00000000fed1c000 len=0x4000 reserved
  memmap:    base=0x00000000fffc0000 len=0x40000 reserved
  memmap:    base=0x000000fd00000000 len=0x300000000 reserved
NOVA_BOOT_OK
keyboard:    PS/2 poller ready
NOVA Nucleus K2 console. Type `help`.
nova> help
commands: help clear mem ver reboot halt
  mem     physical memory map summary
  novatest also accepted under CI
nova> ver
nucleus 0.1.0 (K2) x86-64, Limine boot protocol rev 3
nova> 